note  harness start : no policy journal at C:\ProgramData\encastra-journeys\policy-journal.json, so no earlier run left a policy to take back there
note  harness start : no policy journal at C:\Users\alexl\AppData\Local\encastra-journeys\policy-journal.json, so no earlier run left a policy to take back there
note  -Launch : before starting anything, 1 encastra-desktop host(s) and 6 browser process(es) for dev.encastra.app were already running
note  -Launch : stopping host pid=42284 started=2026-09-23T07:29:39
PASS  -Launch the machine has no Encastra of its own left before the harness starts one  -> hosts left=0, browser processes left=0
PASS  -Launch (CI) the application's per-user state is cleared before it starts  -> C:\Users\alexl\AppData\Local\dev.encastra.app exists=False
PASS  -Launch (CI) the application's per-user state is cleared before it starts  -> C:\Users\alexl\AppData\Roaming\dev.encastra.app exists=False
note  -Launch : this process is ELEVATED, so WebView2 ignores the environment variable and any HKCU policy; the override has to be under HKLM
note  -Launch : wrote the journal C:\ProgramData\encastra-journeys\policy-journal.json before touching the registry; if this process is killed from here on, the next start of this harness (or -RemovePolicyOnly) restores from it
note  -Launch : wrote HKLM\Software\Policies\Microsoft\Edge\WebView2\AdditionalBrowserArguments\encastra-desktop.exe = '--remote-debugging-port=9222' (REG_SZ)
note  -Launch : wrote HKLM\Software\Policies\Microsoft\Edge\WebView2\AdditionalBrowserArguments\encastra-desktop = '--remote-debugging-port=9222' (REG_SZ)
note  -Launch : wrote HKCU\Software\Policies\Microsoft\Edge\WebView2\AdditionalBrowserArguments\encastra-desktop.exe = '--remote-debugging-port=9222' (REG_SZ)
note  -Launch : wrote HKCU\Software\Policies\Microsoft\Edge\WebView2\AdditionalBrowserArguments\encastra-desktop = '--remote-debugging-port=9222' (REG_SZ)
PASS  -Launch the harness started the application it drives  -> C:\Users\alexl\AppData\Local\Encastra\encastra-desktop.exe as pid 18812, with WEBVIEW2_ADDITIONAL_BROWSER_ARGUMENTS=--remote-debugging-port=9222 written onto its own environment block (UseShellExecute=false, so this is not inheritance through a shell)
SUBJECT  exe=C:\Users\alexl\AppData\Local\Encastra\encastra-desktop.exe sha256=88adc249fa4204cbf9698657de2da25c33e77e56305cd45625961fd122062aa8 stamp=639163a809eb8af685b892b6c4c79f3b6d9f91dc version=0.5.0-rc.4
app pid 18812 exited=False exe=C:\Users\alexl\AppData\Local\Encastra\encastra-desktop.exe
PASS  CDP reachable  -> node C:\actions-runner\_work\_tool\node\24.15.0\x64\node.exe is talking to the page titled 'Encastra' on 127.0.0.1:9222, after 234 ms of waiting
PASS  global input is accepted on this desktop  -> SendInput inserted 4 of 4 events, cbSize=40 (VK_CONTROL, which does nothing by itself)
PASS  harness start : no chooser on screen  -> open before=0 after=0
PASS  main window found  -> Encastra class=Tauri Window
note  harness start : the first-run welcome is on screen; its buttons are not in the accessibility tree while it is, so Skip is pressed through the page
note  harness start : clicked by its title: Omitir Ve directo al grano. Esto está en Ajustes por si lo q
PASS  the first-run welcome is not standing in front of the interface  -> neither the page nor UI Automation can find it
PASS  sidebar exposed to UI Automation  -> settings item: 'Ajustes'
--- iteration 1 of 3 ---
sandbox C:\Users\alexl\encastra-journeys\20260923-072953-i1
PASS  the sandbox path carries no 8.3 short name  -> C:\Users\alexl\encastra-journeys\20260923-072953-i1  [iteration 1/3]
PASS  iteration 1 : no chooser on screen  -> open before=0 after=0  [iteration 1/3]
PASS  iteration 1 the canvas is empty before the journeys start  -> the store says 0 step(s)  [iteration 1/3]
--- journey 1: projects-location (Settings -> Projects -> Browse) ---
PASS  j1 before : no chooser on screen  -> open before=0 after=0  [iteration 1/3]
PASS  j1 Settings nav Projects found  -> 'Proyectos'  [iteration 1/3]
PASS  j1 Browse button on screen  -> 'Examinar…' enabled=True  [iteration 1/3]
PASS  j1 chooser opened for projects-location  -> 'Seleccionar carpeta'  [iteration 1/3]
PASS  j1 : chooser closed on Cancel  -> dialogs left: 0  [iteration 1/3]
PASS  j1 preference unchanged after Cancel  -> ''  [iteration 1/3]
PASS  j1 : chooser name field found  -> via GetDlgItem(1152) Edit -> Edit '' - not labelled as a name box; nothing better was on this dialog  [iteration 1/3]
PASS  j1 : the path is in the chooser's name box before it is confirmed  -> 'C:\Users\alexl\encastra-journeys\20260923-072953-i1\projects-location' read back through GetDlgItem(1152) Edit -> Edit '', written by WM_SETTEXT to #56624504 (class Edit, parent class #32770)  [iteration 1/3]
PASS  j1 chooser closed on confirm  -> dialogs left: 0  [iteration 1/3]
PASS  j1 chosen folder became the projects preference  -> 'C:\Users\alexl\encastra-journeys\20260923-072953-i1\projects-location' (expected the same folder as 'C:\Users\alexl\encastra-journeys\20260923-072953-i1\projects-location'); it read so after 476ms  [iteration 1/3]
PASS  j1-junction : chooser name field found  -> via GetDlgItem(1152) Edit -> Edit '' - not labelled as a name box; nothing better was on this dialog  [iteration 1/3]
PASS  j1-junction : the path is in the chooser's name box before it is confirmed  -> 'C:\Users\alexl\encastra-journeys\20260923-072953-i1\junction-link' read back through GetDlgItem(1152) Edit -> Edit '', written by WM_SETTEXT to #19139390 (class Edit, parent class #32770)  [iteration 1/3]
PASS  j1 junction resolved to its target, not the link (resolving is the pass)  -> the preference holds the target 'C:\Users\alexl\encastra-journeys\20260923-072953-i1\junction-target', not the link 'C:\Users\alexl\encastra-journeys\20260923-072953-i1\junction-link'  [iteration 1/3]
PASS  j1 after : no chooser on screen  -> open before=0 after=0  [iteration 1/3]
--- journey 2: publish-into (Builder -> Publish -> Prepare) ---
PASS  j2 before : no chooser on screen  -> open before=0 after=0  [iteration 1/3]
PASS  j2 the oracle reads the store and the canvas, never the palette  -> clean  [iteration 1/3]
note  j2 before: the store says 0 step(s) and the canvas has mounted []  [iteration 1/3]
note  j2 the palette item, as UI Automation sees it before it is touched: type=Button automationId='' name='Parse JSON Turns text into structured data.' enabled=True offscreen=False keyboardFocusable=True rect=(590,376 245x67) hwnd=0 helpText='encastra.data.json@1.0.0 / Turns text into structured data.' patterns=Invoke+ScrollItem  [iteration 1/3]
note  j2 the palette is offering 21 components (15 other buttons on screen): encastra.data.json@1.0.0 ('Parse JSON Turns text into') encastra.data.csv.read@1.0.0 ('Read CSV Turns comma-separ') encastra.data.csv.write@1.0.0 ('Write CSV Turns a list of ') encastra.data.json.write@1.0.0 ('Write JSON Turns structure') encastra.file.move@1.0.0 ('Move File Moves a file int') encastra.file.read@1.0.0 ('Read File Reads the text c') encastra.file.rename@1.0.0 ('Rename File Gives a file a') encastra.file.save@1.0.0 ('Save File Puts a file into') encastra.file.watch@1.0.0 ('Watch Folder Starts the wo') encastra.file.write@1.0.0 ('Write File Saves text into') encastra.flow.delay@1.0.0 ('Delay Waits, then passes t') encastra.flow.if@1.0.0 ('If Sends the value one way') encastra.flow.switch@1.0.0 ('Switch Sends the value dow') encastra.image.convert@1.0.0 ('Convert Image Writes an im') encastra.image.info@1.0.0 ('Image Info Reports an imag') encastra.image.resize@1.0.0 ('Resize Image Changes an im') encastra.image.thumbnail@1.0.0 ('Thumbnail Makes a small sq') encastra.net.http@1.0.0 ('HTTP Request Fetches a web') encastra.system.clipboard@1.0.0 ('Copy to Clipboard Puts tex') encastra.system.notify@1.0.0 ('Notify Shows a message whe') encastra.system.timer@1.0.0 ('Timer Starts the workflow ')  [iteration 1/3]
note  j2 route 1 (InvokePattern.Invoke) : invoked, no error  [iteration 1/3]
PASS  j2 the store's step count went up by exactly one  -> 0 -> 1 after route 1 (InvokePattern.Invoke)  [iteration 1/3]
PASS  j2 exactly one new step is on the canvas and it is a step of encastra.data.json  -> new ids [json-1] against ^json-[0-9]+$, which is what makeId derives from the reference that was activated; drawn=True; the whole graph after Fit View is [json-1], and it was [] before - both read after Fit View, so nothing that was merely culled can count as new  [iteration 1/3]
note  j2 the canvas calls the step 'json-1'; UI Automation publishes no node-* id for it, by construction: (no id anywhere on screen contains node-)  [iteration 1/3]
PASS  j2 the selected step is the one just placed, and it is the only one selected  -> selected on the canvas: [json-1] (1); placed: 'json-1'  [iteration 1/3]
PASS  j2 the Inspector is configuring the step just placed, a step of encastra.data.json, seen by the page and by UI Automation  -> the page reads 'encastra.data.json@1.0.0' out of .panel--inspector and UI Automation reads 'encastra.data.json@1.0.0'; wanted encastra\.data\.json@[0-9][0-9.]*, the same reference the new id 'json-1' was checked against; the canvas has that very step as its only selected one=True (the line above); the panel currently says: PARSE JSON / Componente / encastra.data.json@1.0.0 /  / Turns text into structured data. /  / Desactivar / PERMISOS /  / Este componente no pide nada. Solo trabaja con lo que le entrega el grafo, y no puede acceder a tus archivos, la red ni el portapapeles.  [iteration 1/3]
PASS  j2 Save button found and armed  -> 'Guardar' enabled=True  [iteration 1/3]
PASS  j2 native save dialog opened  -> 'Guardar como' class=#32770  [iteration 1/3]
PASS  j2-refusal : chooser name field found  -> via UIA labelled ComboBox 'Nombre:' - the control the dialog labels as its name box  [iteration 1/3]
note  j2-refusal : focus put on the name box by the name box's own SetFocus(); what has keyboard focus now is Pane '' class=Edit ctrlId=1001  [iteration 1/3]
PASS  j2-refusal : the path is in the chooser's name box before it is confirmed  -> 'C:\Users\alexl\encastra-journeys\20260923-072953-i1\journeys.txt' read back through WM_CHAR per character into the Edit the accelerator moved focus to (#45747156 ctrlId=1001), because its parent window is 'ComboBox' and that one's parent is 'FloatNotifySink' - an edit in a bare combo box, whose dialog keeps its own model and hears only typing; read back as 'C:\Users\alexl\encastra-journeys\20260923-072953-i1\journeys.txt' by WM_GETTEXT from the same window and as '' by the focused element's Value pattern  [iteration 1/3]
PASS  j2-save : chooser name field found  -> via UIA labelled ComboBox 'Nombre:' - the control the dialog labels as its name box  [iteration 1/3]
note  j2-save : focus put on the name box by the name box's own SetFocus(); what has keyboard focus now is Pane '' class=Edit ctrlId=1001  [iteration 1/3]
PASS  j2-save : the path is in the chooser's name box before it is confirmed  -> 'C:\Users\alexl\encastra-journeys\20260923-072953-i1\journeys.encastra' read back through WM_CHAR per character into the Edit the accelerator moved focus to (#51318214 ctrlId=1001), because its parent window is 'ComboBox' and that one's parent is 'FloatNotifySink' - an edit in a bare combo box, whose dialog keeps its own model and hears only typing; read back as 'C:\Users\alexl\encastra-journeys\20260923-072953-i1\journeys.encastra' by WM_GETTEXT from the same window and as '' by the focused element's Value pattern  [iteration 1/3]
PASS  j2-save chooser closed on confirm  -> dialogs left: 0  [iteration 1/3]
PASS  j2 the application says the project is saved  -> the toolbar reads 'journeys' and no longer shows the unsaved-changes mark, which store.ts only does after ipc.saveProject resolved  [iteration 1/3]
PASS  j2 project saved to disk  -> C:\Users\alexl\encastra-journeys\20260923-072953-i1\journeys.encastra exists=True  [iteration 1/3]
PASS  j2 a name that is not a project is refused, in words  -> the application says 'Eso no es un proyecto de Encastra. El nombre de un proyecto termina en .encastra.'; C:\Users\alexl\encastra-journeys\20260923-072953-i1\journeys.txt exists=False. this line means nothing on its own: it rests on 'j2 project saved to disk' above, which used the same write route in this same iteration and came back True  [iteration 1/3]
PASS  j2 Publish button found  -> 'Publicar'  [iteration 1/3]
PASS  j2 publish panel opened  -> heading on screen  [iteration 1/3]
PASS  j2 draft fields accepted what was typed  -> namespace='dev.encastra.journeys' title='Journey evidence' version='1.0.0' summary=58 chars  [iteration 1/3]
PASS  j2 Prepare is armed for a clean saved project  -> enabled=True  [iteration 1/3]
note  j2 the Prepare button : invoking type=Button automationId='' name='Preparar…' enabled=True offscreen=False keyboardFocusable=True rect=(1633,1150 101x35) hwnd=0 helpText='' patterns=Invoke+ScrollItem  [iteration 1/3]
PASS  j2 chooser opened for publish-into  -> 'Seleccionar carpeta'  [iteration 1/3]
PASS  j2 : chooser closed on Cancel  -> dialogs left: 0  [iteration 1/3]
PASS  j2 Cancel wrote nothing and claimed nothing  -> 'Where it went' shown=False; entries in the folder=0  [iteration 1/3]
note  j2 the Prepare button : invoking type=Button automationId='' name='Preparar…' enabled=True offscreen=False keyboardFocusable=True rect=(1633,1150 101x35) hwnd=0 helpText='' patterns=Invoke+ScrollItem  [iteration 1/3]
PASS  j2 : chooser name field found  -> via GetDlgItem(1152) Edit -> Edit '' - not labelled as a name box; nothing better was on this dialog  [iteration 1/3]
PASS  j2 : the path is in the chooser's name box before it is confirmed  -> 'C:\Users\alexl\encastra-journeys\20260923-072953-i1\publish-into' read back through GetDlgItem(1152) Edit -> Edit '', written by WM_SETTEXT to #28444780 (class Edit, parent class #32770)  [iteration 1/3]
PASS  j2 chooser closed on confirm  -> dialogs left: 0  [iteration 1/3]
PASS  j2 the application says where the publication went  -> section='DÓNDE HA QUEDADO' refusal=''  [iteration 1/3]
PASS  j2 the chosen folder was actually published into  -> folders=1 prepared='C:\Users\alexl\encastra-journeys\20260923-072953-i1\publish-into\dev.encastra.journeys.journey-evidence-1.0.0' publication.json=True  [iteration 1/3]
PASS  j2 the panel shows the path it wrote to  -> '\\?\C:\Users\alexl\encastra-journeys\20260923-072953-i1\publish-into\dev.encastra.journeys.journey-evidence-1.0.0'  [iteration 1/3]
note  j2 the Publish panel Close button : invoking type=Button automationId='' name='Cerrar' enabled=True offscreen=False keyboardFocusable=True rect=(1362,1150 75x35) hwnd=0 helpText='' patterns=Invoke+ScrollItem  [iteration 1/3]
PASS  j2 after : no chooser on screen  -> open before=0 after=0  [iteration 1/3]
--- journey 3: import-from (Library -> Import) ---
PASS  j3 before : no chooser on screen  -> open before=0 after=0  [iteration 1/3]
PASS  j3 Import button is on screen and enabled  -> 'Importar…' enabled=True tooltip='Leer una carpeta de publicación que te han dado'  [iteration 1/3]
PASS  j3 chooser opened for import-from  -> 'Seleccionar carpeta'  [iteration 1/3]
PASS  j3 : chooser closed on Cancel  -> dialogs left: 0  [iteration 1/3]
PASS  j3 Cancel took nothing in and opened no panel  -> import panel on screen=False  [iteration 1/3]
PASS  j3-missing : chooser name field found  -> via GetDlgItem(1152) Edit -> Edit '' - not labelled as a name box; nothing better was on this dialog  [iteration 1/3]
PASS  j3-missing : the path is in the chooser's name box before it is confirmed  -> 'C:\Users\alexl\encastra-journeys\20260923-072953-i1\this-folder-does-not-exist' read back through GetDlgItem(1152) Edit -> Edit '', written by WM_SETTEXT to #54398160 (class Edit, parent class #32770)  [iteration 1/3]
PASS  j3 a path that is not there was refused  -> the chooser would not accept it: 'Seleccionar carpeta' | 'this-folder-does-not-exist / La ruta de acceso no existe. / Compruebe la ruta de acceso e intente de nuevo.' | 'Seleccionar carpeta' | 'this-folder-does-not-exist / La ruta de acceso no existe. / Compruebe la ruta de acceso e intente de nuevo.'  [iteration 1/3]
PASS  j3-junction : chooser name field found  -> via GetDlgItem(1152) Edit -> Edit '' - not labelled as a name box; nothing better was on this dialog  [iteration 1/3]
PASS  j3-junction : the path is in the chooser's name box before it is confirmed  -> 'C:\Users\alexl\encastra-journeys\20260923-072953-i1\junction-link' read back through GetDlgItem(1152) Edit -> Edit '', written by WM_SETTEXT to #12061654 (class Edit, parent class #32770)  [iteration 1/3]
PASS  j3 a junction is resolved or refused, never followed blindly  -> read the target it points at, which holds no publication: 'No hay ningún publication.json en esa carpeta, así que nada dice qué es. Eso es una carpeta con archivos, no una publicación.'  [iteration 1/3]
note  j3 the Import panel Close button : invoking type=Button automationId='' name='Cerrar' enabled=True offscreen=False keyboardFocusable=True rect=(1595,848 75x36) hwnd=0 helpText='' patterns=Invoke+ScrollItem  [iteration 1/3]
PASS  j3 : chooser name field found  -> via GetDlgItem(1152) Edit -> Edit '' - not labelled as a name box; nothing better was on this dialog  [iteration 1/3]
PASS  j3 : the path is in the chooser's name box before it is confirmed  -> 'C:\Users\alexl\encastra-journeys\20260923-072953-i1\publish-into\dev.encastra.journeys.journey-evidence-1.0.0' read back through GetDlgItem(1152) Edit -> Edit '', written by WM_SETTEXT to #45485168 (class Edit, parent class #32770)  [iteration 1/3]
PASS  j3 chooser closed on confirm  -> dialogs left: 0  [iteration 1/3]
PASS  j3 the chosen folder was read as a publication  -> section='QUÉ DICE QUE ES'  [iteration 1/3]
PASS  j3 the report names what was prepared in journey 2  -> 'Journey evidence'  [iteration 1/3]
note  j3 the Import panel Import button : invoking type=Button automationId='' name='Importar' enabled=True offscreen=False keyboardFocusable=True rect=(1679,1150 93x35) hwnd=0 helpText='' patterns=Invoke+ScrollItem  [iteration 1/3]
PASS  j3 importing put it in the library  -> 'Recibido journeys. No se ha ejecutado nada.'  [iteration 1/3]
PASS  j3 after : no chooser on screen  -> open before=0 after=0  [iteration 1/3]
--- journeys 4 and 5: grant-to-component and run-input (Inspector) ---
PASS  j4/j5 before : no chooser on screen  -> open before=0 after=0  [iteration 1/3]
PASS  j4 the interface is what is on screen, not the first-run welcome  -> the welcome is not on screen  [iteration 1/3]
PASS  j4 the oracle reads the store and the canvas, never the palette  -> clean  [iteration 1/3]
note  j4 before: the store says 0 step(s) and the canvas has mounted []  [iteration 1/3]
note  j4 the palette item, as UI Automation sees it before it is touched: type=Button automationId='' name='Save File Puts a file into a folder you choose. Keeps the original nam' enabled=True offscreen=False keyboardFocusable=True rect=(590,1073 245x127) hwnd=0 helpText='encastra.file.save@1.0.0 / Puts a file into a folder you choose. Keeps the original name unless you give one.' patterns=Invoke+ScrollItem  [iteration 1/3]
note  j4 the palette is offering 21 components (15 other buttons on screen): encastra.data.json@1.0.0 ('Parse JSON Turns text into') encastra.data.csv.read@1.0.0 ('Read CSV Turns comma-separ') encastra.data.csv.write@1.0.0 ('Write CSV Turns a list of ') encastra.data.json.write@1.0.0 ('Write JSON Turns structure') encastra.file.move@1.0.0 ('Move File Moves a file int') encastra.file.read@1.0.0 ('Read File Reads the text c') encastra.file.rename@1.0.0 ('Rename File Gives a file a') encastra.file.save@1.0.0 ('Save File Puts a file into') encastra.file.watch@1.0.0 ('Watch Folder Starts the wo') encastra.file.write@1.0.0 ('Write File Saves text into') encastra.flow.delay@1.0.0 ('Delay Waits, then passes t') encastra.flow.if@1.0.0 ('If Sends the value one way') encastra.flow.switch@1.0.0 ('Switch Sends the value dow') encastra.image.convert@1.0.0 ('Convert Image Writes an im') encastra.image.info@1.0.0 ('Image Info Reports an imag') encastra.image.resize@1.0.0 ('Resize Image Changes an im') encastra.image.thumbnail@1.0.0 ('Thumbnail Makes a small sq') encastra.net.http@1.0.0 ('HTTP Request Fetches a web') encastra.system.clipboard@1.0.0 ('Copy to Clipboard Puts tex') encastra.system.notify@1.0.0 ('Notify Shows a message whe') encastra.system.timer@1.0.0 ('Timer Starts the workflow ')  [iteration 1/3]
note  j4 route 1 (InvokePattern.Invoke) : invoked, no error  [iteration 1/3]
PASS  j4 the store's step count went up by exactly one  -> 0 -> 1 after route 1 (InvokePattern.Invoke)  [iteration 1/3]
PASS  j4 exactly one new step is on the canvas and it is a step of encastra.file.save  -> new ids [save-2] against ^save-[0-9]+$, which is what makeId derives from the reference that was activated; drawn=True; the whole graph after Fit View is [save-2], and it was [] before - both read after Fit View, so nothing that was merely culled can count as new  [iteration 1/3]
note  j4 the canvas calls the step 'save-2'; UI Automation publishes no node-* id for it, by construction: (no id anywhere on screen contains node-)  [iteration 1/3]
PASS  j4 the selected step is the one just placed, and it is the only one selected  -> selected on the canvas: [save-2] (1); placed: 'save-2'  [iteration 1/3]
PASS  j4 the Inspector is configuring the step just placed, a step of encastra.file.save, seen by the page and by UI Automation  -> the page reads 'encastra.file.save@1.0.0' out of .panel--inspector and UI Automation reads 'encastra.file.save@1.0.0'; wanted encastra\.file\.save@[0-9][0-9.]*, the same reference the new id 'save-2' was checked against; the canvas has that very step as its only selected one=True (the line above); the panel currently says: SAVE FILE / Componente / encastra.file.save@1.0.0 /  / Puts a file into a folder you choose. Keeps the original name unless you give one. /  / Desactivar / AJUSTES / File name /  / Leave empty to keep the name the file already has. /  / Folder * / Elegir… /  / Where to save. You are asked to allow this folder before the first run. /  / Add to the name /  / Appended before the extension, so photo.png becomes photo-small.png. /  / MATERIAL DE PARTIDA / File · file / Elegir… /  / Nada en el grafo produce esto, así que la ejecución lo necesita de ti. /  / PERMISOS / fs.write /  / Saves the file into the folder you pick. It cannot write anywhere else. /  / Permitir esta carpeta / Elige antes una carpeta. /  / Permitido mientras este proyecto esté abierto. Cada ejecución usa exactamente esta carpeta o dirección, y cerrar el proyecto o cambiar a otro lo olvida. /  / NO PUEDE / leer tus archivos / usar la red / usar el portapapeles / mostrar notificaciones /  / No es un ajuste — el componente nunca declaró esto, así que el motor lo rechaza sin importar lo que permitas aquí.  [iteration 1/3]
PASS  j4 the selected step is the one just placed, and it is the only one selected  -> selected on the canvas: [save-2] (1); placed: 'save-2'  [iteration 1/3]
PASS  j4 step selected in inspector  -> the panel reads 'encastra.file.save@1.0.0 /  / Puts a file in'; the canvas's only selected step is the one just placed ('save-2')=True  [iteration 1/3]
PASS  j4 the Inspector shows the folder setting for the selected step  -> automationId='save-2-folder'  [iteration 1/3]
note  the step is 'save-2'  [iteration 1/3]
PASS  j4 the permission control is on screen before any folder is chosen  -> 'Permitir esta carpeta' enabled=False  [iteration 1/3]
PASS  j4 nothing can be allowed until a folder is chosen  -> hint='Elige antes una carpeta.' allowEnabled=False  [iteration 1/3]
PASS  j4 the folder row has its own Choose button  -> 'Elegir…'  [iteration 1/3]
note  j4 the folder row Choose button : invoking type=Button automationId='' name='Elegir…' enabled=True offscreen=False keyboardFocusable=True rect=(1964,663 82x36) hwnd=0 helpText='' patterns=Invoke+ScrollItem  [iteration 1/3]
PASS  j4 chooser opened for grant-to-component  -> 'Seleccionar carpeta'  [iteration 1/3]
PASS  j4 : chooser closed on Cancel  -> dialogs left: 0  [iteration 1/3]
PASS  j4 Cancel granted nothing and configured nothing  -> folder='' allowEnabled=False  [iteration 1/3]
note  j4 the folder row Choose button : invoking type=Button automationId='' name='Elegir…' enabled=True offscreen=False keyboardFocusable=True rect=(1964,663 82x36) hwnd=0 helpText='' patterns=Invoke+ScrollItem  [iteration 1/3]
PASS  j4 : chooser name field found  -> via GetDlgItem(1152) Edit -> Edit '' - not labelled as a name box; nothing better was on this dialog  [iteration 1/3]
PASS  j4 : the path is in the chooser's name box before it is confirmed  -> 'C:\Users\alexl\encastra-journeys\20260923-072953-i1\grant-to-component' read back through GetDlgItem(1152) Edit -> Edit '', written by WM_SETTEXT to #32834774 (class Edit, parent class #32770)  [iteration 1/3]
PASS  j4 chooser closed on confirm  -> dialogs left: 0  [iteration 1/3]
PASS  j4 the chosen folder became the step configuration  -> 'C:\Users\alexl\encastra-journeys\20260923-072953-i1\grant-to-component' (expected the same folder as 'C:\Users\alexl\encastra-journeys\20260923-072953-i1\grant-to-component')  [iteration 1/3]
PASS  j4 the permission control armed once a folder was chosen  -> enabled=True  [iteration 1/3]
note  j4 the Allow this folder button : invoking type=Button automationId='' name='Permitir esta carpeta' enabled=True offscreen=True keyboardFocusable=True rect=(1696,1241 105x35) hwnd=0 helpText='' patterns=Invoke+ScrollItem  [iteration 1/3]
note  j4 the Allow this folder button : scrolled it into view - at 973,502 84x28 of a 820px window  [iteration 1/3]
PASS  j4 the application says the folder is allowed  -> button now reads 'Permitido'  [iteration 1/3]
PASS  j5 the Inspector asks for the file the run starts from  -> 'MATERIAL DE PARTIDA'  [iteration 1/3]
PASS  j5 the read-only box for the starting file is exposed  -> found=True  [iteration 1/3]
PASS  j5 the starting-material row has its own Choose button  -> 'Elegir…'  [iteration 1/3]
note  j5 the starting-material Choose button : invoking type=Button automationId='' name='Elegir…' enabled=True offscreen=False keyboardFocusable=True rect=(1964,560 82x36) hwnd=0 helpText='' patterns=Invoke+ScrollItem  [iteration 1/3]
PASS  j5 chooser opened for run-input  -> 'Abrir'  [iteration 1/3]
PASS  j5 : chooser closed on Cancel  -> dialogs left: 0  [iteration 1/3]
PASS  j5 Cancel seeded no input  -> box=''  [iteration 1/3]
note  j5 the starting-material Choose button : invoking type=Button automationId='' name='Elegir…' enabled=True offscreen=False keyboardFocusable=True rect=(1964,560 82x36) hwnd=0 helpText='' patterns=Invoke+ScrollItem  [iteration 1/3]
PASS  j5 : chooser name field found  -> via UIA descendant Pane 'Nombre:' #50007446 class=Static parent=#54987984 ctrlId=1090 (written through its own handle; it holds no Edit window and publishes no writable Value pattern) - the control the dialog labels as its name box; turned down as search boxes: UIA descendant Edit 'Cuadro de búsqueda'  [iteration 1/3]
note  j5 : focus put on the name box by Alt+N, the file-name accelerator; what has keyboard focus now is Pane '' class=Edit ctrlId=1148  [iteration 1/3]
PASS  j5 : the path is in the chooser's name box before it is confirmed  -> 'C:\Users\alexl\encastra-journeys\20260923-072953-i1\run-input\evidence.txt' read back through WM_SETTEXT to the Edit the accelerator moved focus to (#59115320 ctrlId=1148), because its parent window is 'ComboBox' and that one's parent is 'ComboBoxEx32' - not an edit in a bare combo box, so the route Open proved; read back as 'C:\Users\alexl\encastra-journeys\20260923-072953-i1\run-input\evidence.txt' by WM_GETTEXT from the same window and as '' by the focused element's Value pattern  [iteration 1/3]
PASS  j5 chooser closed on confirm  -> dialogs left: 0  [iteration 1/3]
PASS  j5 the chosen file became the input for the run  -> 'C:\Users\alexl\encastra-journeys\20260923-072953-i1\run-input\evidence.txt' (expected the same file as 'C:\Users\alexl\encastra-journeys\20260923-072953-i1\run-input\evidence.txt')  [iteration 1/3]
PASS  j4/j5 Run is available with a folder allowed and a file chosen  -> enabled=True  [iteration 1/3]
note  j4/j5 the Run button : invoking type=Button automationId='' name='Ejecutar' enabled=True offscreen=False keyboardFocusable=True rect=(1978,205 87x36) hwnd=0 helpText='Ctrl+Enter' patterns=Invoke+ScrollItem  [iteration 1/3]
PASS  j4/j5 pressing Run actually started a run  -> the status bar and run panel went from '|0' to '|1'  [iteration 1/3]
PASS  j4 the granted folder was actually written into by the run  -> file='C:\Users\alexl\encastra-journeys\20260923-072953-i1\grant-to-component\evidence.txt' status='1 correcto'  [iteration 1/3]
note  j4/j5 the run ended after about 0s  [iteration 1/3]
PASS  neg the interface accepts a typed folder it never chose  -> 'C:\Users\alexl\encastra-journeys\20260923-072953-i1\projects-location'  [iteration 1/3]
PASS  neg the permission went back to asking when the folder changed  -> button reads 'Permitir esta carpeta' rather than Allowed  [iteration 1/3]
note  neg the Allow this folder button : invoking type=Button automationId='' name='Permitir esta carpeta' enabled=True offscreen=False keyboardFocusable=True rect=(1696,827 108x36) hwnd=0 helpText='' patterns=Invoke+ScrollItem  [iteration 1/3]
note  neg the Run button : invoking type=Button automationId='' name='Ejecutar' enabled=True offscreen=False keyboardFocusable=True rect=(1978,205 87x36) hwnd=0 helpText='Ctrl+Enter' patterns=Invoke+ScrollItem  [iteration 1/3]
PASS  neg a folder chosen for projects-location is refused as a grant  -> 'No se ejecutó nada. 1 de los permisos que concediste no se pudieron dar: save-2: elige esa carpeta con el botón Elegir antes de permitirla, para que lo permitido sea lo que señalaste.' / 'Todavía no se ha ejecutado nada. Pulsa Ejecutar arriba y cada paso aparecerá aquí, en el orden en que el motor los ejecuta, con su estado y cuánto tardó — o, si uno falla, qué salió mal y qué hacer al respecto.'  [iteration 1/3]
PASS  neg nothing was written into the folder that was not granted  -> files there: 0  [iteration 1/3]
PASS  j4/j5 after : no chooser on screen  -> open before=0 after=0  [iteration 1/3]
--- iteration 2 of 3 ---
PASS  the application was still running at the end of iteration 1, before it was restarted  -> pid 18812 exited=False  [iteration 2/3]
note  -Launch : iteration 2 starts from a freshly started application; stopping pid 18812 and starting it again  [iteration 2/3]
note  -Launch : before starting anything, 1 encastra-desktop host(s) and 6 browser process(es) for dev.encastra.app were already running  [iteration 2/3]
note  -Launch : stopping host pid=18812 started=2026-09-23T07:29:50  [iteration 2/3]
PASS  -Launch the machine has no Encastra of its own left before the harness starts one  -> hosts left=0, browser processes left=0  [iteration 2/3]
PASS  -Launch (CI) the application's per-user state is cleared before it starts  -> C:\Users\alexl\AppData\Local\dev.encastra.app exists=False  [iteration 2/3]
PASS  -Launch (CI) the application's per-user state is cleared before it starts  -> C:\Users\alexl\AppData\Roaming\dev.encastra.app exists=False  [iteration 2/3]
PASS  -Launch the harness started the application it drives  -> C:\Users\alexl\AppData\Local\Encastra\encastra-desktop.exe as pid 41624, with WEBVIEW2_ADDITIONAL_BROWSER_ARGUMENTS=--remote-debugging-port=9222 written onto its own environment block (UseShellExecute=false, so this is not inheritance through a shell)  [iteration 2/3]
PASS  iteration 2 : CDP reachable after the restart  -> the page titled 'Encastra' answered after 1222 ms  [iteration 2/3]
PASS  global input is accepted on this desktop  -> SendInput inserted 4 of 4 events, cbSize=40 (VK_CONTROL, which does nothing by itself)  [iteration 2/3]
PASS  harness start : no chooser on screen  -> open before=0 after=0  [iteration 2/3]
PASS  main window found  -> Encastra class=Tauri Window  [iteration 2/3]
note  harness start : the first-run welcome is on screen; its buttons are not in the accessibility tree while it is, so Skip is pressed through the page  [iteration 2/3]
note  harness start : clicked by its title: Omitir Ve directo al grano. Esto está en Ajustes por si lo q  [iteration 2/3]
PASS  the first-run welcome is not standing in front of the interface  -> neither the page nor UI Automation can find it  [iteration 2/3]
PASS  sidebar exposed to UI Automation  -> settings item: 'Ajustes'  [iteration 2/3]
sandbox C:\Users\alexl\encastra-journeys\20260923-073146-i2
PASS  the sandbox path carries no 8.3 short name  -> C:\Users\alexl\encastra-journeys\20260923-073146-i2  [iteration 2/3]
PASS  iteration 2 : no chooser on screen  -> open before=0 after=0  [iteration 2/3]
PASS  iteration 2 the canvas is empty before the journeys start  -> the store says 0 step(s)  [iteration 2/3]
--- journey 1: projects-location (Settings -> Projects -> Browse) ---
PASS  j1 before : no chooser on screen  -> open before=0 after=0  [iteration 2/3]
PASS  j1 Settings nav Projects found  -> 'Proyectos'  [iteration 2/3]
PASS  j1 Browse button on screen  -> 'Examinar…' enabled=True  [iteration 2/3]
PASS  j1 chooser opened for projects-location  -> 'Seleccionar carpeta'  [iteration 2/3]
PASS  j1 : chooser closed on Cancel  -> dialogs left: 0  [iteration 2/3]
PASS  j1 preference unchanged after Cancel  -> ''  [iteration 2/3]
PASS  j1 : chooser name field found  -> via GetDlgItem(1152) Edit -> Edit '' - not labelled as a name box; nothing better was on this dialog  [iteration 2/3]
PASS  j1 : the path is in the chooser's name box before it is confirmed  -> 'C:\Users\alexl\encastra-journeys\20260923-073146-i2\projects-location' read back through GetDlgItem(1152) Edit -> Edit '', written by WM_SETTEXT to #66783236 (class Edit, parent class #32770)  [iteration 2/3]
PASS  j1 chooser closed on confirm  -> dialogs left: 0  [iteration 2/3]
PASS  j1 chosen folder became the projects preference  -> 'C:\Users\alexl\encastra-journeys\20260923-073146-i2\projects-location' (expected the same folder as 'C:\Users\alexl\encastra-journeys\20260923-073146-i2\projects-location'); it read so after 477ms  [iteration 2/3]
PASS  j1-junction : chooser name field found  -> via GetDlgItem(1152) Edit -> Edit '' - not labelled as a name box; nothing better was on this dialog  [iteration 2/3]
PASS  j1-junction : the path is in the chooser's name box before it is confirmed  -> 'C:\Users\alexl\encastra-journeys\20260923-073146-i2\junction-link' read back through GetDlgItem(1152) Edit -> Edit '', written by WM_SETTEXT to #32508020 (class Edit, parent class #32770)  [iteration 2/3]
PASS  j1 junction resolved to its target, not the link (resolving is the pass)  -> the preference holds the target 'C:\Users\alexl\encastra-journeys\20260923-073146-i2\junction-target', not the link 'C:\Users\alexl\encastra-journeys\20260923-073146-i2\junction-link'  [iteration 2/3]
PASS  j1 after : no chooser on screen  -> open before=0 after=0  [iteration 2/3]
--- journey 2: publish-into (Builder -> Publish -> Prepare) ---
PASS  j2 before : no chooser on screen  -> open before=0 after=0  [iteration 2/3]
PASS  j2 the oracle reads the store and the canvas, never the palette  -> clean  [iteration 2/3]
note  j2 before: the store says 0 step(s) and the canvas has mounted []  [iteration 2/3]
note  j2 the palette item, as UI Automation sees it before it is touched: type=Button automationId='' name='Parse JSON Turns text into structured data.' enabled=True offscreen=False keyboardFocusable=True rect=(590,376 245x67) hwnd=0 helpText='encastra.data.json@1.0.0 / Turns text into structured data.' patterns=Invoke+ScrollItem  [iteration 2/3]
note  j2 the palette is offering 21 components (15 other buttons on screen): encastra.data.json@1.0.0 ('Parse JSON Turns text into') encastra.data.csv.read@1.0.0 ('Read CSV Turns comma-separ') encastra.data.csv.write@1.0.0 ('Write CSV Turns a list of ') encastra.data.json.write@1.0.0 ('Write JSON Turns structure') encastra.file.move@1.0.0 ('Move File Moves a file int') encastra.file.read@1.0.0 ('Read File Reads the text c') encastra.file.rename@1.0.0 ('Rename File Gives a file a') encastra.file.save@1.0.0 ('Save File Puts a file into') encastra.file.watch@1.0.0 ('Watch Folder Starts the wo') encastra.file.write@1.0.0 ('Write File Saves text into') encastra.flow.delay@1.0.0 ('Delay Waits, then passes t') encastra.flow.if@1.0.0 ('If Sends the value one way') encastra.flow.switch@1.0.0 ('Switch Sends the value dow') encastra.image.convert@1.0.0 ('Convert Image Writes an im') encastra.image.info@1.0.0 ('Image Info Reports an imag') encastra.image.resize@1.0.0 ('Resize Image Changes an im') encastra.image.thumbnail@1.0.0 ('Thumbnail Makes a small sq') encastra.net.http@1.0.0 ('HTTP Request Fetches a web') encastra.system.clipboard@1.0.0 ('Copy to Clipboard Puts tex') encastra.system.notify@1.0.0 ('Notify Shows a message whe') encastra.system.timer@1.0.0 ('Timer Starts the workflow ')  [iteration 2/3]
note  j2 route 1 (InvokePattern.Invoke) : invoked, no error  [iteration 2/3]
PASS  j2 the store's step count went up by exactly one  -> 0 -> 1 after route 1 (InvokePattern.Invoke)  [iteration 2/3]
PASS  j2 exactly one new step is on the canvas and it is a step of encastra.data.json  -> new ids [json-1] against ^json-[0-9]+$, which is what makeId derives from the reference that was activated; drawn=True; the whole graph after Fit View is [json-1], and it was [] before - both read after Fit View, so nothing that was merely culled can count as new  [iteration 2/3]
note  j2 the canvas calls the step 'json-1'; UI Automation publishes no node-* id for it, by construction: (no id anywhere on screen contains node-)  [iteration 2/3]
PASS  j2 the selected step is the one just placed, and it is the only one selected  -> selected on the canvas: [json-1] (1); placed: 'json-1'  [iteration 2/3]
PASS  j2 the Inspector is configuring the step just placed, a step of encastra.data.json, seen by the page and by UI Automation  -> the page reads 'encastra.data.json@1.0.0' out of .panel--inspector and UI Automation reads 'encastra.data.json@1.0.0'; wanted encastra\.data\.json@[0-9][0-9.]*, the same reference the new id 'json-1' was checked against; the canvas has that very step as its only selected one=True (the line above); the panel currently says: PARSE JSON / Componente / encastra.data.json@1.0.0 /  / Turns text into structured data. /  / Desactivar / PERMISOS /  / Este componente no pide nada. Solo trabaja con lo que le entrega el grafo, y no puede acceder a tus archivos, la red ni el portapapeles.  [iteration 2/3]
PASS  j2 Save button found and armed  -> 'Guardar' enabled=True  [iteration 2/3]
PASS  j2 native save dialog opened  -> 'Guardar como' class=#32770  [iteration 2/3]
PASS  j2-refusal : chooser name field found  -> via UIA labelled ComboBox 'Nombre:' - the control the dialog labels as its name box  [iteration 2/3]
note  j2-refusal : focus put on the name box by the name box's own SetFocus(); what has keyboard focus now is Pane '' class=Edit ctrlId=1001  [iteration 2/3]
PASS  j2-refusal : the path is in the chooser's name box before it is confirmed  -> 'C:\Users\alexl\encastra-journeys\20260923-073146-i2\journeys.txt' read back through WM_CHAR per character into the Edit the accelerator moved focus to (#41814612 ctrlId=1001), because its parent window is 'ComboBox' and that one's parent is 'FloatNotifySink' - an edit in a bare combo box, whose dialog keeps its own model and hears only typing; read back as 'C:\Users\alexl\encastra-journeys\20260923-073146-i2\journeys.txt' by WM_GETTEXT from the same window and as '' by the focused element's Value pattern  [iteration 2/3]
PASS  j2-save : chooser name field found  -> via UIA labelled ComboBox 'Nombre:' - the control the dialog labels as its name box  [iteration 2/3]
note  j2-save : focus put on the name box by the name box's own SetFocus(); what has keyboard focus now is Pane '' class=Edit ctrlId=1001  [iteration 2/3]
PASS  j2-save : the path is in the chooser's name box before it is confirmed  -> 'C:\Users\alexl\encastra-journeys\20260923-073146-i2\journeys.encastra' read back through WM_CHAR per character into the Edit the accelerator moved focus to (#42074230 ctrlId=1001), because its parent window is 'ComboBox' and that one's parent is 'FloatNotifySink' - an edit in a bare combo box, whose dialog keeps its own model and hears only typing; read back as 'C:\Users\alexl\encastra-journeys\20260923-073146-i2\journeys.encastra' by WM_GETTEXT from the same window and as '' by the focused element's Value pattern  [iteration 2/3]
PASS  j2-save chooser closed on confirm  -> dialogs left: 0  [iteration 2/3]
PASS  j2 the application says the project is saved  -> the toolbar reads 'journeys' and no longer shows the unsaved-changes mark, which store.ts only does after ipc.saveProject resolved  [iteration 2/3]
PASS  j2 project saved to disk  -> C:\Users\alexl\encastra-journeys\20260923-073146-i2\journeys.encastra exists=True  [iteration 2/3]
PASS  j2 a name that is not a project is refused, in words  -> the application says 'Eso no es un proyecto de Encastra. El nombre de un proyecto termina en .encastra.'; C:\Users\alexl\encastra-journeys\20260923-073146-i2\journeys.txt exists=False. this line means nothing on its own: it rests on 'j2 project saved to disk' above, which used the same write route in this same iteration and came back True  [iteration 2/3]
PASS  j2 Publish button found  -> 'Publicar'  [iteration 2/3]
PASS  j2 publish panel opened  -> heading on screen  [iteration 2/3]
PASS  j2 draft fields accepted what was typed  -> namespace='dev.encastra.journeys' title='Journey evidence' version='1.0.0' summary=58 chars  [iteration 2/3]
PASS  j2 Prepare is armed for a clean saved project  -> enabled=True  [iteration 2/3]
note  j2 the Prepare button : invoking type=Button automationId='' name='Preparar…' enabled=True offscreen=False keyboardFocusable=True rect=(1633,1150 101x35) hwnd=0 helpText='' patterns=Invoke+ScrollItem  [iteration 2/3]
PASS  j2 chooser opened for publish-into  -> 'Seleccionar carpeta'  [iteration 2/3]
PASS  j2 : chooser closed on Cancel  -> dialogs left: 0  [iteration 2/3]
PASS  j2 Cancel wrote nothing and claimed nothing  -> 'Where it went' shown=False; entries in the folder=0  [iteration 2/3]
note  j2 the Prepare button : invoking type=Button automationId='' name='Preparar…' enabled=True offscreen=False keyboardFocusable=True rect=(1633,1150 101x35) hwnd=0 helpText='' patterns=Invoke+ScrollItem  [iteration 2/3]
PASS  j2 : chooser name field found  -> via GetDlgItem(1152) Edit -> Edit '' - not labelled as a name box; nothing better was on this dialog  [iteration 2/3]
PASS  j2 : the path is in the chooser's name box before it is confirmed  -> 'C:\Users\alexl\encastra-journeys\20260923-073146-i2\publish-into' read back through GetDlgItem(1152) Edit -> Edit '', written by WM_SETTEXT to #76088540 (class Edit, parent class #32770)  [iteration 2/3]
PASS  j2 chooser closed on confirm  -> dialogs left: 0  [iteration 2/3]
PASS  j2 the application says where the publication went  -> section='DÓNDE HA QUEDADO' refusal=''  [iteration 2/3]
PASS  j2 the chosen folder was actually published into  -> folders=1 prepared='C:\Users\alexl\encastra-journeys\20260923-073146-i2\publish-into\dev.encastra.journeys.journey-evidence-1.0.0' publication.json=True  [iteration 2/3]
PASS  j2 the panel shows the path it wrote to  -> '\\?\C:\Users\alexl\encastra-journeys\20260923-073146-i2\publish-into\dev.encastra.journeys.journey-evidence-1.0.0'  [iteration 2/3]
note  j2 the Publish panel Close button : invoking type=Button automationId='' name='Cerrar' enabled=True offscreen=False keyboardFocusable=True rect=(1362,1150 75x35) hwnd=0 helpText='' patterns=Invoke+ScrollItem  [iteration 2/3]
PASS  j2 after : no chooser on screen  -> open before=0 after=0  [iteration 2/3]
--- journey 3: import-from (Library -> Import) ---
PASS  j3 before : no chooser on screen  -> open before=0 after=0  [iteration 2/3]
PASS  j3 Import button is on screen and enabled  -> 'Importar…' enabled=True tooltip='Leer una carpeta de publicación que te han dado'  [iteration 2/3]
PASS  j3 chooser opened for import-from  -> 'Seleccionar carpeta'  [iteration 2/3]
PASS  j3 : chooser closed on Cancel  -> dialogs left: 0  [iteration 2/3]
PASS  j3 Cancel took nothing in and opened no panel  -> import panel on screen=False  [iteration 2/3]
PASS  j3-missing : chooser name field found  -> via GetDlgItem(1152) Edit -> Edit '' - not labelled as a name box; nothing better was on this dialog  [iteration 2/3]
PASS  j3-missing : the path is in the chooser's name box before it is confirmed  -> 'C:\Users\alexl\encastra-journeys\20260923-073146-i2\this-folder-does-not-exist' read back through GetDlgItem(1152) Edit -> Edit '', written by WM_SETTEXT to #79039462 (class Edit, parent class #32770)  [iteration 2/3]
PASS  j3 a path that is not there was refused  -> the chooser would not accept it: 'Seleccionar carpeta' | 'this-folder-does-not-exist / La ruta de acceso no existe. / Compruebe la ruta de acceso e intente de nuevo.' | 'Seleccionar carpeta' | 'this-folder-does-not-exist / La ruta de acceso no existe. / Compruebe la ruta de acceso e intente de nuevo.'  [iteration 2/3]
PASS  j3-junction : chooser name field found  -> via GetDlgItem(1152) Edit -> Edit '' - not labelled as a name box; nothing better was on this dialog  [iteration 2/3]
PASS  j3-junction : the path is in the chooser's name box before it is confirmed  -> 'C:\Users\alexl\encastra-journeys\20260923-073146-i2\junction-link' read back through GetDlgItem(1152) Edit -> Edit '', written by WM_SETTEXT to #30017728 (class Edit, parent class #32770)  [iteration 2/3]
PASS  j3 a junction is resolved or refused, never followed blindly  -> read the target it points at, which holds no publication: 'No hay ningún publication.json en esa carpeta, así que nada dice qué es. Eso es una carpeta con archivos, no una publicación.'  [iteration 2/3]
note  j3 the Import panel Close button : invoking type=Button automationId='' name='Cerrar' enabled=True offscreen=False keyboardFocusable=True rect=(1595,848 75x36) hwnd=0 helpText='' patterns=Invoke+ScrollItem  [iteration 2/3]
PASS  j3 : chooser name field found  -> via GetDlgItem(1152) Edit -> Edit '' - not labelled as a name box; nothing better was on this dialog  [iteration 2/3]
PASS  j3 : the path is in the chooser's name box before it is confirmed  -> 'C:\Users\alexl\encastra-journeys\20260923-073146-i2\publish-into\dev.encastra.journeys.journey-evidence-1.0.0' read back through GetDlgItem(1152) Edit -> Edit '', written by WM_SETTEXT to #40045956 (class Edit, parent class #32770)  [iteration 2/3]
PASS  j3 chooser closed on confirm  -> dialogs left: 0  [iteration 2/3]
PASS  j3 the chosen folder was read as a publication  -> section='QUÉ DICE QUE ES'  [iteration 2/3]
PASS  j3 the report names what was prepared in journey 2  -> 'Journey evidence'  [iteration 2/3]
note  j3 the Import panel Import button : invoking type=Button automationId='' name='Importar' enabled=True offscreen=False keyboardFocusable=True rect=(1679,1150 93x35) hwnd=0 helpText='' patterns=Invoke+ScrollItem  [iteration 2/3]
PASS  j3 importing put it in the library  -> 'Recibido journeys. No se ha ejecutado nada.'  [iteration 2/3]
PASS  j3 after : no chooser on screen  -> open before=0 after=0  [iteration 2/3]
--- journeys 4 and 5: grant-to-component and run-input (Inspector) ---
PASS  j4/j5 before : no chooser on screen  -> open before=0 after=0  [iteration 2/3]
PASS  j4 the interface is what is on screen, not the first-run welcome  -> the welcome is not on screen  [iteration 2/3]
PASS  j4 the oracle reads the store and the canvas, never the palette  -> clean  [iteration 2/3]
note  j4 before: the store says 0 step(s) and the canvas has mounted []  [iteration 2/3]
note  j4 the palette item, as UI Automation sees it before it is touched: type=Button automationId='' name='Save File Puts a file into a folder you choose. Keeps the original nam' enabled=True offscreen=False keyboardFocusable=True rect=(590,1073 245x127) hwnd=0 helpText='encastra.file.save@1.0.0 / Puts a file into a folder you choose. Keeps the original name unless you give one.' patterns=Invoke+ScrollItem  [iteration 2/3]
note  j4 the palette is offering 21 components (15 other buttons on screen): encastra.data.json@1.0.0 ('Parse JSON Turns text into') encastra.data.csv.read@1.0.0 ('Read CSV Turns comma-separ') encastra.data.csv.write@1.0.0 ('Write CSV Turns a list of ') encastra.data.json.write@1.0.0 ('Write JSON Turns structure') encastra.file.move@1.0.0 ('Move File Moves a file int') encastra.file.read@1.0.0 ('Read File Reads the text c') encastra.file.rename@1.0.0 ('Rename File Gives a file a') encastra.file.save@1.0.0 ('Save File Puts a file into') encastra.file.watch@1.0.0 ('Watch Folder Starts the wo') encastra.file.write@1.0.0 ('Write File Saves text into') encastra.flow.delay@1.0.0 ('Delay Waits, then passes t') encastra.flow.if@1.0.0 ('If Sends the value one way') encastra.flow.switch@1.0.0 ('Switch Sends the value dow') encastra.image.convert@1.0.0 ('Convert Image Writes an im') encastra.image.info@1.0.0 ('Image Info Reports an imag') encastra.image.resize@1.0.0 ('Resize Image Changes an im') encastra.image.thumbnail@1.0.0 ('Thumbnail Makes a small sq') encastra.net.http@1.0.0 ('HTTP Request Fetches a web') encastra.system.clipboard@1.0.0 ('Copy to Clipboard Puts tex') encastra.system.notify@1.0.0 ('Notify Shows a message whe') encastra.system.timer@1.0.0 ('Timer Starts the workflow ')  [iteration 2/3]
note  j4 route 1 (InvokePattern.Invoke) : invoked, no error  [iteration 2/3]
PASS  j4 the store's step count went up by exactly one  -> 0 -> 1 after route 1 (InvokePattern.Invoke)  [iteration 2/3]
PASS  j4 exactly one new step is on the canvas and it is a step of encastra.file.save  -> new ids [save-2] against ^save-[0-9]+$, which is what makeId derives from the reference that was activated; drawn=True; the whole graph after Fit View is [save-2], and it was [] before - both read after Fit View, so nothing that was merely culled can count as new  [iteration 2/3]
note  j4 the canvas calls the step 'save-2'; UI Automation publishes no node-* id for it, by construction: (no id anywhere on screen contains node-)  [iteration 2/3]
PASS  j4 the selected step is the one just placed, and it is the only one selected  -> selected on the canvas: [save-2] (1); placed: 'save-2'  [iteration 2/3]
PASS  j4 the Inspector is configuring the step just placed, a step of encastra.file.save, seen by the page and by UI Automation  -> the page reads 'encastra.file.save@1.0.0' out of .panel--inspector and UI Automation reads 'encastra.file.save@1.0.0'; wanted encastra\.file\.save@[0-9][0-9.]*, the same reference the new id 'save-2' was checked against; the canvas has that very step as its only selected one=True (the line above); the panel currently says: SAVE FILE / Componente / encastra.file.save@1.0.0 /  / Puts a file into a folder you choose. Keeps the original name unless you give one. /  / Desactivar / AJUSTES / File name /  / Leave empty to keep the name the file already has. /  / Folder * / Elegir… /  / Where to save. You are asked to allow this folder before the first run. /  / Add to the name /  / Appended before the extension, so photo.png becomes photo-small.png. /  / MATERIAL DE PARTIDA / File · file / Elegir… /  / Nada en el grafo produce esto, así que la ejecución lo necesita de ti. /  / PERMISOS / fs.write /  / Saves the file into the folder you pick. It cannot write anywhere else. /  / Permitir esta carpeta / Elige antes una carpeta. /  / Permitido mientras este proyecto esté abierto. Cada ejecución usa exactamente esta carpeta o dirección, y cerrar el proyecto o cambiar a otro lo olvida. /  / NO PUEDE / leer tus archivos / usar la red / usar el portapapeles / mostrar notificaciones /  / No es un ajuste — el componente nunca declaró esto, así que el motor lo rechaza sin importar lo que permitas aquí.  [iteration 2/3]
PASS  j4 the selected step is the one just placed, and it is the only one selected  -> selected on the canvas: [save-2] (1); placed: 'save-2'  [iteration 2/3]
PASS  j4 step selected in inspector  -> the panel reads 'encastra.file.save@1.0.0 /  / Puts a file in'; the canvas's only selected step is the one just placed ('save-2')=True  [iteration 2/3]
PASS  j4 the Inspector shows the folder setting for the selected step  -> automationId='save-2-folder'  [iteration 2/3]
note  the step is 'save-2'  [iteration 2/3]
PASS  j4 the permission control is on screen before any folder is chosen  -> 'Permitir esta carpeta' enabled=False  [iteration 2/3]
PASS  j4 nothing can be allowed until a folder is chosen  -> hint='Elige antes una carpeta.' allowEnabled=False  [iteration 2/3]
PASS  j4 the folder row has its own Choose button  -> 'Elegir…'  [iteration 2/3]
note  j4 the folder row Choose button : invoking type=Button automationId='' name='Elegir…' enabled=True offscreen=False keyboardFocusable=True rect=(1964,663 82x36) hwnd=0 helpText='' patterns=Invoke+ScrollItem  [iteration 2/3]
PASS  j4 chooser opened for grant-to-component  -> 'Seleccionar carpeta'  [iteration 2/3]
PASS  j4 : chooser closed on Cancel  -> dialogs left: 0  [iteration 2/3]
PASS  j4 Cancel granted nothing and configured nothing  -> folder='' allowEnabled=False  [iteration 2/3]
note  j4 the folder row Choose button : invoking type=Button automationId='' name='Elegir…' enabled=True offscreen=False keyboardFocusable=True rect=(1964,663 82x36) hwnd=0 helpText='' patterns=Invoke+ScrollItem  [iteration 2/3]
PASS  j4 : chooser name field found  -> via GetDlgItem(1152) Edit -> Edit '' - not labelled as a name box; nothing better was on this dialog  [iteration 2/3]
PASS  j4 : the path is in the chooser's name box before it is confirmed  -> 'C:\Users\alexl\encastra-journeys\20260923-073146-i2\grant-to-component' read back through GetDlgItem(1152) Edit -> Edit '', written by WM_SETTEXT to #56233168 (class Edit, parent class #32770)  [iteration 2/3]
PASS  j4 chooser closed on confirm  -> dialogs left: 0  [iteration 2/3]
PASS  j4 the chosen folder became the step configuration  -> 'C:\Users\alexl\encastra-journeys\20260923-073146-i2\grant-to-component' (expected the same folder as 'C:\Users\alexl\encastra-journeys\20260923-073146-i2\grant-to-component')  [iteration 2/3]
PASS  j4 the permission control armed once a folder was chosen  -> enabled=True  [iteration 2/3]
note  j4 the Allow this folder button : invoking type=Button automationId='' name='Permitir esta carpeta' enabled=True offscreen=True keyboardFocusable=True rect=(1696,1241 105x35) hwnd=0 helpText='' patterns=Invoke+ScrollItem  [iteration 2/3]
note  j4 the Allow this folder button : scrolled it into view - at 973,502 84x28 of a 820px window  [iteration 2/3]
PASS  j4 the application says the folder is allowed  -> button now reads 'Permitido'  [iteration 2/3]
PASS  j5 the Inspector asks for the file the run starts from  -> 'MATERIAL DE PARTIDA'  [iteration 2/3]
PASS  j5 the read-only box for the starting file is exposed  -> found=True  [iteration 2/3]
PASS  j5 the starting-material row has its own Choose button  -> 'Elegir…'  [iteration 2/3]
note  j5 the starting-material Choose button : invoking type=Button automationId='' name='Elegir…' enabled=True offscreen=False keyboardFocusable=True rect=(1964,560 82x36) hwnd=0 helpText='' patterns=Invoke+ScrollItem  [iteration 2/3]
PASS  j5 chooser opened for run-input  -> 'Abrir'  [iteration 2/3]
PASS  j5 : chooser closed on Cancel  -> dialogs left: 0  [iteration 2/3]
PASS  j5 Cancel seeded no input  -> box=''  [iteration 2/3]
note  j5 the starting-material Choose button : invoking type=Button automationId='' name='Elegir…' enabled=True offscreen=False keyboardFocusable=True rect=(1964,560 82x36) hwnd=0 helpText='' patterns=Invoke+ScrollItem  [iteration 2/3]
PASS  j5 : chooser name field found  -> via UIA descendant Pane 'Nombre:' #27266790 class=Static parent=#32246898 ctrlId=1090 (written through its own handle; it holds no Edit window and publishes no writable Value pattern) - the control the dialog labels as its name box; turned down as search boxes: UIA descendant Edit 'Cuadro de búsqueda'  [iteration 2/3]
note  j5 : focus put on the name box by Alt+N, the file-name accelerator; what has keyboard focus now is Pane '' class=Edit ctrlId=1148  [iteration 2/3]
PASS  j5 : the path is in the chooser's name box before it is confirmed  -> 'C:\Users\alexl\encastra-journeys\20260923-073146-i2\run-input\evidence.txt' read back through WM_SETTEXT to the Edit the accelerator moved focus to (#56626556 ctrlId=1148), because its parent window is 'ComboBox' and that one's parent is 'ComboBoxEx32' - not an edit in a bare combo box, so the route Open proved; read back as 'C:\Users\alexl\encastra-journeys\20260923-073146-i2\run-input\evidence.txt' by WM_GETTEXT from the same window and as '' by the focused element's Value pattern  [iteration 2/3]
PASS  j5 chooser closed on confirm  -> dialogs left: 0  [iteration 2/3]
PASS  j5 the chosen file became the input for the run  -> 'C:\Users\alexl\encastra-journeys\20260923-073146-i2\run-input\evidence.txt' (expected the same file as 'C:\Users\alexl\encastra-journeys\20260923-073146-i2\run-input\evidence.txt')  [iteration 2/3]
PASS  j4/j5 Run is available with a folder allowed and a file chosen  -> enabled=True  [iteration 2/3]
note  j4/j5 the Run button : invoking type=Button automationId='' name='Ejecutar' enabled=True offscreen=False keyboardFocusable=True rect=(1978,205 87x36) hwnd=0 helpText='Ctrl+Enter' patterns=Invoke+ScrollItem  [iteration 2/3]
PASS  j4/j5 pressing Run actually started a run  -> the status bar and run panel went from '|0' to '|1'  [iteration 2/3]
PASS  j4 the granted folder was actually written into by the run  -> file='C:\Users\alexl\encastra-journeys\20260923-073146-i2\grant-to-component\evidence.txt' status='1 correcto'  [iteration 2/3]
note  j4/j5 the run ended after about 0s  [iteration 2/3]
PASS  neg the interface accepts a typed folder it never chose  -> 'C:\Users\alexl\encastra-journeys\20260923-073146-i2\projects-location'  [iteration 2/3]
PASS  neg the permission went back to asking when the folder changed  -> button reads 'Permitir esta carpeta' rather than Allowed  [iteration 2/3]
note  neg the Allow this folder button : invoking type=Button automationId='' name='Permitir esta carpeta' enabled=True offscreen=False keyboardFocusable=True rect=(1696,827 108x36) hwnd=0 helpText='' patterns=Invoke+ScrollItem  [iteration 2/3]
note  neg the Run button : invoking type=Button automationId='' name='Ejecutar' enabled=True offscreen=False keyboardFocusable=True rect=(1978,205 87x36) hwnd=0 helpText='Ctrl+Enter' patterns=Invoke+ScrollItem  [iteration 2/3]
PASS  neg a folder chosen for projects-location is refused as a grant  -> 'No se ejecutó nada. 1 de los permisos que concediste no se pudieron dar: save-2: elige esa carpeta con el botón Elegir antes de permitirla, para que lo permitido sea lo que señalaste.' / 'Todavía no se ha ejecutado nada. Pulsa Ejecutar arriba y cada paso aparecerá aquí, en el orden en que el motor los ejecuta, con su estado y cuánto tardó — o, si uno falla, qué salió mal y qué hacer al respecto.'  [iteration 2/3]
PASS  neg nothing was written into the folder that was not granted  -> files there: 0  [iteration 2/3]
PASS  j4/j5 after : no chooser on screen  -> open before=0 after=0  [iteration 2/3]
--- iteration 3 of 3 ---
PASS  the application was still running at the end of iteration 2, before it was restarted  -> pid 41624 exited=False  [iteration 3/3]
note  -Launch : iteration 3 starts from a freshly started application; stopping pid 41624 and starting it again  [iteration 3/3]
note  -Launch : before starting anything, 1 encastra-desktop host(s) and 6 browser process(es) for dev.encastra.app were already running  [iteration 3/3]
note  -Launch : stopping host pid=41624 started=2026-09-23T07:31:44  [iteration 3/3]
PASS  -Launch the machine has no Encastra of its own left before the harness starts one  -> hosts left=0, browser processes left=0  [iteration 3/3]
PASS  -Launch (CI) the application's per-user state is cleared before it starts  -> C:\Users\alexl\AppData\Local\dev.encastra.app exists=False  [iteration 3/3]
PASS  -Launch (CI) the application's per-user state is cleared before it starts  -> C:\Users\alexl\AppData\Roaming\dev.encastra.app exists=False  [iteration 3/3]
PASS  -Launch the harness started the application it drives  -> C:\Users\alexl\AppData\Local\Encastra\encastra-desktop.exe as pid 33340, with WEBVIEW2_ADDITIONAL_BROWSER_ARGUMENTS=--remote-debugging-port=9222 written onto its own environment block (UseShellExecute=false, so this is not inheritance through a shell)  [iteration 3/3]
PASS  iteration 3 : CDP reachable after the restart  -> the page titled 'Encastra' answered after 1209 ms  [iteration 3/3]
PASS  global input is accepted on this desktop  -> SendInput inserted 4 of 4 events, cbSize=40 (VK_CONTROL, which does nothing by itself)  [iteration 3/3]
PASS  harness start : no chooser on screen  -> open before=0 after=0  [iteration 3/3]
PASS  main window found  -> Encastra class=Tauri Window  [iteration 3/3]
note  harness start : the first-run welcome is on screen; its buttons are not in the accessibility tree while it is, so Skip is pressed through the page  [iteration 3/3]
note  harness start : clicked by its title: Omitir Ve directo al grano. Esto está en Ajustes por si lo q  [iteration 3/3]
PASS  the first-run welcome is not standing in front of the interface  -> neither the page nor UI Automation can find it  [iteration 3/3]
PASS  sidebar exposed to UI Automation  -> settings item: 'Ajustes'  [iteration 3/3]
sandbox C:\Users\alexl\encastra-journeys\20260923-073340-i3
PASS  the sandbox path carries no 8.3 short name  -> C:\Users\alexl\encastra-journeys\20260923-073340-i3  [iteration 3/3]
PASS  iteration 3 : no chooser on screen  -> open before=0 after=0  [iteration 3/3]
PASS  iteration 3 the canvas is empty before the journeys start  -> the store says 0 step(s)  [iteration 3/3]
--- journey 1: projects-location (Settings -> Projects -> Browse) ---
PASS  j1 before : no chooser on screen  -> open before=0 after=0  [iteration 3/3]
PASS  j1 Settings nav Projects found  -> 'Proyectos'  [iteration 3/3]
PASS  j1 Browse button on screen  -> 'Examinar…' enabled=True  [iteration 3/3]
PASS  j1 chooser opened for projects-location  -> 'Seleccionar carpeta'  [iteration 3/3]
PASS  j1 : chooser closed on Cancel  -> dialogs left: 0  [iteration 3/3]
PASS  j1 preference unchanged after Cancel  -> ''  [iteration 3/3]
PASS  j1 : chooser name field found  -> via GetDlgItem(1152) Edit -> Edit '' - not labelled as a name box; nothing better was on this dialog  [iteration 3/3]
PASS  j1 : the path is in the chooser's name box before it is confirmed  -> 'C:\Users\alexl\encastra-journeys\20260923-073340-i3\projects-location' read back through GetDlgItem(1152) Edit -> Edit '', written by WM_SETTEXT to #51841486 (class Edit, parent class #32770)  [iteration 3/3]
PASS  j1 chooser closed on confirm  -> dialogs left: 0  [iteration 3/3]
PASS  j1 chosen folder became the projects preference  -> 'C:\Users\alexl\encastra-journeys\20260923-073340-i3\projects-location' (expected the same folder as 'C:\Users\alexl\encastra-journeys\20260923-073340-i3\projects-location'); it read so after 479ms  [iteration 3/3]
PASS  j1-junction : chooser name field found  -> via GetDlgItem(1152) Edit -> Edit '' - not labelled as a name box; nothing better was on this dialog  [iteration 3/3]
PASS  j1-junction : the path is in the chooser's name box before it is confirmed  -> 'C:\Users\alexl\encastra-journeys\20260923-073340-i3\junction-link' read back through GetDlgItem(1152) Edit -> Edit '', written by WM_SETTEXT to #78973990 (class Edit, parent class #32770)  [iteration 3/3]
PASS  j1 junction resolved to its target, not the link (resolving is the pass)  -> the preference holds the target 'C:\Users\alexl\encastra-journeys\20260923-073340-i3\junction-target', not the link 'C:\Users\alexl\encastra-journeys\20260923-073340-i3\junction-link'  [iteration 3/3]
PASS  j1 after : no chooser on screen  -> open before=0 after=0  [iteration 3/3]
--- journey 2: publish-into (Builder -> Publish -> Prepare) ---
PASS  j2 before : no chooser on screen  -> open before=0 after=0  [iteration 3/3]
PASS  j2 the oracle reads the store and the canvas, never the palette  -> clean  [iteration 3/3]
note  j2 before: the store says 0 step(s) and the canvas has mounted []  [iteration 3/3]
note  j2 the palette item, as UI Automation sees it before it is touched: type=Button automationId='' name='Parse JSON Turns text into structured data.' enabled=True offscreen=False keyboardFocusable=True rect=(590,376 245x67) hwnd=0 helpText='encastra.data.json@1.0.0 / Turns text into structured data.' patterns=Invoke+ScrollItem  [iteration 3/3]
note  j2 the palette is offering 21 components (15 other buttons on screen): encastra.data.json@1.0.0 ('Parse JSON Turns text into') encastra.data.csv.read@1.0.0 ('Read CSV Turns comma-separ') encastra.data.csv.write@1.0.0 ('Write CSV Turns a list of ') encastra.data.json.write@1.0.0 ('Write JSON Turns structure') encastra.file.move@1.0.0 ('Move File Moves a file int') encastra.file.read@1.0.0 ('Read File Reads the text c') encastra.file.rename@1.0.0 ('Rename File Gives a file a') encastra.file.save@1.0.0 ('Save File Puts a file into') encastra.file.watch@1.0.0 ('Watch Folder Starts the wo') encastra.file.write@1.0.0 ('Write File Saves text into') encastra.flow.delay@1.0.0 ('Delay Waits, then passes t') encastra.flow.if@1.0.0 ('If Sends the value one way') encastra.flow.switch@1.0.0 ('Switch Sends the value dow') encastra.image.convert@1.0.0 ('Convert Image Writes an im') encastra.image.info@1.0.0 ('Image Info Reports an imag') encastra.image.resize@1.0.0 ('Resize Image Changes an im') encastra.image.thumbnail@1.0.0 ('Thumbnail Makes a small sq') encastra.net.http@1.0.0 ('HTTP Request Fetches a web') encastra.system.clipboard@1.0.0 ('Copy to Clipboard Puts tex') encastra.system.notify@1.0.0 ('Notify Shows a message whe') encastra.system.timer@1.0.0 ('Timer Starts the workflow ')  [iteration 3/3]
note  j2 route 1 (InvokePattern.Invoke) : invoked, no error  [iteration 3/3]
PASS  j2 the store's step count went up by exactly one  -> 0 -> 1 after route 1 (InvokePattern.Invoke)  [iteration 3/3]
PASS  j2 exactly one new step is on the canvas and it is a step of encastra.data.json  -> new ids [json-1] against ^json-[0-9]+$, which is what makeId derives from the reference that was activated; drawn=True; the whole graph after Fit View is [json-1], and it was [] before - both read after Fit View, so nothing that was merely culled can count as new  [iteration 3/3]
note  j2 the canvas calls the step 'json-1'; UI Automation publishes no node-* id for it, by construction: (no id anywhere on screen contains node-)  [iteration 3/3]
PASS  j2 the selected step is the one just placed, and it is the only one selected  -> selected on the canvas: [json-1] (1); placed: 'json-1'  [iteration 3/3]
PASS  j2 the Inspector is configuring the step just placed, a step of encastra.data.json, seen by the page and by UI Automation  -> the page reads 'encastra.data.json@1.0.0' out of .panel--inspector and UI Automation reads 'encastra.data.json@1.0.0'; wanted encastra\.data\.json@[0-9][0-9.]*, the same reference the new id 'json-1' was checked against; the canvas has that very step as its only selected one=True (the line above); the panel currently says: PARSE JSON / Componente / encastra.data.json@1.0.0 /  / Turns text into structured data. /  / Desactivar / PERMISOS /  / Este componente no pide nada. Solo trabaja con lo que le entrega el grafo, y no puede acceder a tus archivos, la red ni el portapapeles.  [iteration 3/3]
PASS  j2 Save button found and armed  -> 'Guardar' enabled=True  [iteration 3/3]
PASS  j2 native save dialog opened  -> 'Guardar como' class=#32770  [iteration 3/3]
PASS  j2-refusal : chooser name field found  -> via UIA labelled ComboBox 'Nombre:' - the control the dialog labels as its name box  [iteration 3/3]
note  j2-refusal : focus put on the name box by the name box's own SetFocus(); what has keyboard focus now is Pane '' class=Edit ctrlId=1001  [iteration 3/3]
PASS  j2-refusal : the path is in the chooser's name box before it is confirmed  -> 'C:\Users\alexl\encastra-journeys\20260923-073340-i3\journeys.txt' read back through WM_CHAR per character into the Edit the accelerator moved focus to (#59706566 ctrlId=1001), because its parent window is 'ComboBox' and that one's parent is 'FloatNotifySink' - an edit in a bare combo box, whose dialog keeps its own model and hears only typing; read back as 'C:\Users\alexl\encastra-journeys\20260923-073340-i3\journeys.txt' by WM_GETTEXT from the same window and as '' by the focused element's Value pattern  [iteration 3/3]
PASS  j2-save : chooser name field found  -> via UIA labelled ComboBox 'Nombre:' - the control the dialog labels as its name box  [iteration 3/3]
note  j2-save : focus put on the name box by the name box's own SetFocus(); what has keyboard focus now is Pane '' class=Edit ctrlId=1001  [iteration 3/3]
PASS  j2-save : the path is in the chooser's name box before it is confirmed  -> 'C:\Users\alexl\encastra-journeys\20260923-073340-i3\journeys.encastra' read back through WM_CHAR per character into the Edit the accelerator moved focus to (#48368270 ctrlId=1001), because its parent window is 'ComboBox' and that one's parent is 'FloatNotifySink' - an edit in a bare combo box, whose dialog keeps its own model and hears only typing; read back as 'C:\Users\alexl\encastra-journeys\20260923-073340-i3\journeys.encastra' by WM_GETTEXT from the same window and as '' by the focused element's Value pattern  [iteration 3/3]
PASS  j2-save chooser closed on confirm  -> dialogs left: 0  [iteration 3/3]
PASS  j2 the application says the project is saved  -> the toolbar reads 'journeys' and no longer shows the unsaved-changes mark, which store.ts only does after ipc.saveProject resolved  [iteration 3/3]
PASS  j2 project saved to disk  -> C:\Users\alexl\encastra-journeys\20260923-073340-i3\journeys.encastra exists=True  [iteration 3/3]
PASS  j2 a name that is not a project is refused, in words  -> the application says 'Eso no es un proyecto de Encastra. El nombre de un proyecto termina en .encastra.'; C:\Users\alexl\encastra-journeys\20260923-073340-i3\journeys.txt exists=False. this line means nothing on its own: it rests on 'j2 project saved to disk' above, which used the same write route in this same iteration and came back True  [iteration 3/3]
PASS  j2 Publish button found  -> 'Publicar'  [iteration 3/3]
PASS  j2 publish panel opened  -> heading on screen  [iteration 3/3]
PASS  j2 draft fields accepted what was typed  -> namespace='dev.encastra.journeys' title='Journey evidence' version='1.0.0' summary=58 chars  [iteration 3/3]
PASS  j2 Prepare is armed for a clean saved project  -> enabled=True  [iteration 3/3]
note  j2 the Prepare button : invoking type=Button automationId='' name='Preparar…' enabled=True offscreen=False keyboardFocusable=True rect=(1633,1150 101x35) hwnd=0 helpText='' patterns=Invoke+ScrollItem  [iteration 3/3]
PASS  j2 chooser opened for publish-into  -> 'Seleccionar carpeta'  [iteration 3/3]
PASS  j2 : chooser closed on Cancel  -> dialogs left: 0  [iteration 3/3]
PASS  j2 Cancel wrote nothing and claimed nothing  -> 'Where it went' shown=False; entries in the folder=0  [iteration 3/3]
note  j2 the Prepare button : invoking type=Button automationId='' name='Preparar…' enabled=True offscreen=False keyboardFocusable=True rect=(1633,1150 101x35) hwnd=0 helpText='' patterns=Invoke+ScrollItem  [iteration 3/3]
PASS  j2 : chooser name field found  -> via GetDlgItem(1152) Edit -> Edit '' - not labelled as a name box; nothing better was on this dialog  [iteration 3/3]
PASS  j2 : the path is in the chooser's name box before it is confirmed  -> 'C:\Users\alexl\encastra-journeys\20260923-073340-i3\publish-into' read back through GetDlgItem(1152) Edit -> Edit '', written by WM_SETTEXT to #40635780 (class Edit, parent class #32770)  [iteration 3/3]
PASS  j2 chooser closed on confirm  -> dialogs left: 0  [iteration 3/3]
PASS  j2 the application says where the publication went  -> section='DÓNDE HA QUEDADO' refusal=''  [iteration 3/3]
PASS  j2 the chosen folder was actually published into  -> folders=1 prepared='C:\Users\alexl\encastra-journeys\20260923-073340-i3\publish-into\dev.encastra.journeys.journey-evidence-1.0.0' publication.json=True  [iteration 3/3]
PASS  j2 the panel shows the path it wrote to  -> '\\?\C:\Users\alexl\encastra-journeys\20260923-073340-i3\publish-into\dev.encastra.journeys.journey-evidence-1.0.0'  [iteration 3/3]
note  j2 the Publish panel Close button : invoking type=Button automationId='' name='Cerrar' enabled=True offscreen=False keyboardFocusable=True rect=(1362,1150 75x35) hwnd=0 helpText='' patterns=Invoke+ScrollItem  [iteration 3/3]
PASS  j2 after : no chooser on screen  -> open before=0 after=0  [iteration 3/3]
--- journey 3: import-from (Library -> Import) ---
PASS  j3 before : no chooser on screen  -> open before=0 after=0  [iteration 3/3]
PASS  j3 Import button is on screen and enabled  -> 'Importar…' enabled=True tooltip='Leer una carpeta de publicación que te han dado'  [iteration 3/3]
PASS  j3 chooser opened for import-from  -> 'Seleccionar carpeta'  [iteration 3/3]
PASS  j3 : chooser closed on Cancel  -> dialogs left: 0  [iteration 3/3]
PASS  j3 Cancel took nothing in and opened no panel  -> import panel on screen=False  [iteration 3/3]
PASS  j3-missing : chooser name field found  -> via GetDlgItem(1152) Edit -> Edit '' - not labelled as a name box; nothing better was on this dialog  [iteration 3/3]
PASS  j3-missing : the path is in the chooser's name box before it is confirmed  -> 'C:\Users\alexl\encastra-journeys\20260923-073340-i3\this-folder-does-not-exist' read back through GetDlgItem(1152) Edit -> Edit '', written by WM_SETTEXT to #33033330 (class Edit, parent class #32770)  [iteration 3/3]
PASS  j3 a path that is not there was refused  -> the chooser would not accept it: 'Seleccionar carpeta' | 'this-folder-does-not-exist / La ruta de acceso no existe. / Compruebe la ruta de acceso e intente de nuevo.' | 'Seleccionar carpeta' | 'this-folder-does-not-exist / La ruta de acceso no existe. / Compruebe la ruta de acceso e intente de nuevo.'  [iteration 3/3]
PASS  j3-junction : chooser name field found  -> via GetDlgItem(1152) Edit -> Edit '' - not labelled as a name box; nothing better was on this dialog  [iteration 3/3]
PASS  j3-junction : the path is in the chooser's name box before it is confirmed  -> 'C:\Users\alexl\encastra-journeys\20260923-073340-i3\junction-link' read back through GetDlgItem(1152) Edit -> Edit '', written by WM_SETTEXT to #5442532 (class Edit, parent class #32770)  [iteration 3/3]
PASS  j3 a junction is resolved or refused, never followed blindly  -> read the target it points at, which holds no publication: 'No hay ningún publication.json en esa carpeta, así que nada dice qué es. Eso es una carpeta con archivos, no una publicación.'  [iteration 3/3]
note  j3 the Import panel Close button : invoking type=Button automationId='' name='Cerrar' enabled=True offscreen=False keyboardFocusable=True rect=(1595,848 75x36) hwnd=0 helpText='' patterns=Invoke+ScrollItem  [iteration 3/3]
PASS  j3 : chooser name field found  -> via GetDlgItem(1152) Edit -> Edit '' - not labelled as a name box; nothing better was on this dialog  [iteration 3/3]
PASS  j3 : the path is in the chooser's name box before it is confirmed  -> 'C:\Users\alexl\encastra-journeys\20260923-073340-i3\publish-into\dev.encastra.journeys.journey-evidence-1.0.0' read back through GetDlgItem(1152) Edit -> Edit '', written by WM_SETTEXT to #27135614 (class Edit, parent class #32770)  [iteration 3/3]
PASS  j3 chooser closed on confirm  -> dialogs left: 0  [iteration 3/3]
PASS  j3 the chosen folder was read as a publication  -> section='QUÉ DICE QUE ES'  [iteration 3/3]
PASS  j3 the report names what was prepared in journey 2  -> 'Journey evidence'  [iteration 3/3]
note  j3 the Import panel Import button : invoking type=Button automationId='' name='Importar' enabled=True offscreen=False keyboardFocusable=True rect=(1679,1150 93x35) hwnd=0 helpText='' patterns=Invoke+ScrollItem  [iteration 3/3]
PASS  j3 importing put it in the library  -> 'Recibido journeys. No se ha ejecutado nada.'  [iteration 3/3]
PASS  j3 after : no chooser on screen  -> open before=0 after=0  [iteration 3/3]
--- journeys 4 and 5: grant-to-component and run-input (Inspector) ---
PASS  j4/j5 before : no chooser on screen  -> open before=0 after=0  [iteration 3/3]
PASS  j4 the interface is what is on screen, not the first-run welcome  -> the welcome is not on screen  [iteration 3/3]
PASS  j4 the oracle reads the store and the canvas, never the palette  -> clean  [iteration 3/3]
note  j4 before: the store says 0 step(s) and the canvas has mounted []  [iteration 3/3]
note  j4 the palette item, as UI Automation sees it before it is touched: type=Button automationId='' name='Save File Puts a file into a folder you choose. Keeps the original nam' enabled=True offscreen=False keyboardFocusable=True rect=(590,1073 245x127) hwnd=0 helpText='encastra.file.save@1.0.0 / Puts a file into a folder you choose. Keeps the original name unless you give one.' patterns=Invoke+ScrollItem  [iteration 3/3]
note  j4 the palette is offering 21 components (15 other buttons on screen): encastra.data.json@1.0.0 ('Parse JSON Turns text into') encastra.data.csv.read@1.0.0 ('Read CSV Turns comma-separ') encastra.data.csv.write@1.0.0 ('Write CSV Turns a list of ') encastra.data.json.write@1.0.0 ('Write JSON Turns structure') encastra.file.move@1.0.0 ('Move File Moves a file int') encastra.file.read@1.0.0 ('Read File Reads the text c') encastra.file.rename@1.0.0 ('Rename File Gives a file a') encastra.file.save@1.0.0 ('Save File Puts a file into') encastra.file.watch@1.0.0 ('Watch Folder Starts the wo') encastra.file.write@1.0.0 ('Write File Saves text into') encastra.flow.delay@1.0.0 ('Delay Waits, then passes t') encastra.flow.if@1.0.0 ('If Sends the value one way') encastra.flow.switch@1.0.0 ('Switch Sends the value dow') encastra.image.convert@1.0.0 ('Convert Image Writes an im') encastra.image.info@1.0.0 ('Image Info Reports an imag') encastra.image.resize@1.0.0 ('Resize Image Changes an im') encastra.image.thumbnail@1.0.0 ('Thumbnail Makes a small sq') encastra.net.http@1.0.0 ('HTTP Request Fetches a web') encastra.system.clipboard@1.0.0 ('Copy to Clipboard Puts tex') encastra.system.notify@1.0.0 ('Notify Shows a message whe') encastra.system.timer@1.0.0 ('Timer Starts the workflow ')  [iteration 3/3]
note  j4 route 1 (InvokePattern.Invoke) : invoked, no error  [iteration 3/3]
PASS  j4 the store's step count went up by exactly one  -> 0 -> 1 after route 1 (InvokePattern.Invoke)  [iteration 3/3]
PASS  j4 exactly one new step is on the canvas and it is a step of encastra.file.save  -> new ids [save-2] against ^save-[0-9]+$, which is what makeId derives from the reference that was activated; drawn=True; the whole graph after Fit View is [save-2], and it was [] before - both read after Fit View, so nothing that was merely culled can count as new  [iteration 3/3]
note  j4 the canvas calls the step 'save-2'; UI Automation publishes no node-* id for it, by construction: (no id anywhere on screen contains node-)  [iteration 3/3]
PASS  j4 the selected step is the one just placed, and it is the only one selected  -> selected on the canvas: [save-2] (1); placed: 'save-2'  [iteration 3/3]
PASS  j4 the Inspector is configuring the step just placed, a step of encastra.file.save, seen by the page and by UI Automation  -> the page reads 'encastra.file.save@1.0.0' out of .panel--inspector and UI Automation reads 'encastra.file.save@1.0.0'; wanted encastra\.file\.save@[0-9][0-9.]*, the same reference the new id 'save-2' was checked against; the canvas has that very step as its only selected one=True (the line above); the panel currently says: SAVE FILE / Componente / encastra.file.save@1.0.0 /  / Puts a file into a folder you choose. Keeps the original name unless you give one. /  / Desactivar / AJUSTES / File name /  / Leave empty to keep the name the file already has. /  / Folder * / Elegir… /  / Where to save. You are asked to allow this folder before the first run. /  / Add to the name /  / Appended before the extension, so photo.png becomes photo-small.png. /  / MATERIAL DE PARTIDA / File · file / Elegir… /  / Nada en el grafo produce esto, así que la ejecución lo necesita de ti. /  / PERMISOS / fs.write /  / Saves the file into the folder you pick. It cannot write anywhere else. /  / Permitir esta carpeta / Elige antes una carpeta. /  / Permitido mientras este proyecto esté abierto. Cada ejecución usa exactamente esta carpeta o dirección, y cerrar el proyecto o cambiar a otro lo olvida. /  / NO PUEDE / leer tus archivos / usar la red / usar el portapapeles / mostrar notificaciones /  / No es un ajuste — el componente nunca declaró esto, así que el motor lo rechaza sin importar lo que permitas aquí.  [iteration 3/3]
PASS  j4 the selected step is the one just placed, and it is the only one selected  -> selected on the canvas: [save-2] (1); placed: 'save-2'  [iteration 3/3]
PASS  j4 step selected in inspector  -> the panel reads 'encastra.file.save@1.0.0 /  / Puts a file in'; the canvas's only selected step is the one just placed ('save-2')=True  [iteration 3/3]
PASS  j4 the Inspector shows the folder setting for the selected step  -> automationId='save-2-folder'  [iteration 3/3]
note  the step is 'save-2'  [iteration 3/3]
PASS  j4 the permission control is on screen before any folder is chosen  -> 'Permitir esta carpeta' enabled=False  [iteration 3/3]
PASS  j4 nothing can be allowed until a folder is chosen  -> hint='Elige antes una carpeta.' allowEnabled=False  [iteration 3/3]
PASS  j4 the folder row has its own Choose button  -> 'Elegir…'  [iteration 3/3]
note  j4 the folder row Choose button : invoking type=Button automationId='' name='Elegir…' enabled=True offscreen=False keyboardFocusable=True rect=(1964,663 82x36) hwnd=0 helpText='' patterns=Invoke+ScrollItem  [iteration 3/3]
PASS  j4 chooser opened for grant-to-component  -> 'Seleccionar carpeta'  [iteration 3/3]
PASS  j4 : chooser closed on Cancel  -> dialogs left: 0  [iteration 3/3]
PASS  j4 Cancel granted nothing and configured nothing  -> folder='' allowEnabled=False  [iteration 3/3]
note  j4 the folder row Choose button : invoking type=Button automationId='' name='Elegir…' enabled=True offscreen=False keyboardFocusable=True rect=(1964,663 82x36) hwnd=0 helpText='' patterns=Invoke+ScrollItem  [iteration 3/3]
PASS  j4 : chooser name field found  -> via GetDlgItem(1152) Edit -> Edit '' - not labelled as a name box; nothing better was on this dialog  [iteration 3/3]
PASS  j4 : the path is in the chooser's name box before it is confirmed  -> 'C:\Users\alexl\encastra-journeys\20260923-073340-i3\grant-to-component' read back through GetDlgItem(1152) Edit -> Edit '', written by WM_SETTEXT to #31524972 (class Edit, parent class #32770)  [iteration 3/3]
PASS  j4 chooser closed on confirm  -> dialogs left: 0  [iteration 3/3]
PASS  j4 the chosen folder became the step configuration  -> 'C:\Users\alexl\encastra-journeys\20260923-073340-i3\grant-to-component' (expected the same folder as 'C:\Users\alexl\encastra-journeys\20260923-073340-i3\grant-to-component')  [iteration 3/3]
PASS  j4 the permission control armed once a folder was chosen  -> enabled=True  [iteration 3/3]
note  j4 the Allow this folder button : invoking type=Button automationId='' name='Permitir esta carpeta' enabled=True offscreen=True keyboardFocusable=True rect=(1696,1241 105x35) hwnd=0 helpText='' patterns=Invoke+ScrollItem  [iteration 3/3]
note  j4 the Allow this folder button : scrolled it into view - at 973,502 84x28 of a 820px window  [iteration 3/3]
PASS  j4 the application says the folder is allowed  -> button now reads 'Permitido'  [iteration 3/3]
PASS  j5 the Inspector asks for the file the run starts from  -> 'MATERIAL DE PARTIDA'  [iteration 3/3]
PASS  j5 the read-only box for the starting file is exposed  -> found=True  [iteration 3/3]
PASS  j5 the starting-material row has its own Choose button  -> 'Elegir…'  [iteration 3/3]
note  j5 the starting-material Choose button : invoking type=Button automationId='' name='Elegir…' enabled=True offscreen=False keyboardFocusable=True rect=(1964,560 82x36) hwnd=0 helpText='' patterns=Invoke+ScrollItem  [iteration 3/3]
PASS  j5 chooser opened for run-input  -> 'Abrir'  [iteration 3/3]
PASS  j5 : chooser closed on Cancel  -> dialogs left: 0  [iteration 3/3]
PASS  j5 Cancel seeded no input  -> box=''  [iteration 3/3]
note  j5 the starting-material Choose button : invoking type=Button automationId='' name='Elegir…' enabled=True offscreen=False keyboardFocusable=True rect=(1964,560 82x36) hwnd=0 helpText='' patterns=Invoke+ScrollItem  [iteration 3/3]
PASS  j5 : chooser name field found  -> via UIA descendant Pane 'Nombre:' #79957030 class=Static parent=#32836762 ctrlId=1090 (written through its own handle; it holds no Edit window and publishes no writable Value pattern) - the control the dialog labels as its name box; turned down as search boxes: UIA descendant Edit 'Cuadro de búsqueda'  [iteration 3/3]
note  j5 : focus put on the name box by Alt+N, the file-name accelerator; what has keyboard focus now is Pane '' class=Edit ctrlId=1148  [iteration 3/3]
PASS  j5 : the path is in the chooser's name box before it is confirmed  -> 'C:\Users\alexl\encastra-journeys\20260923-073340-i3\run-input\evidence.txt' read back through WM_SETTEXT to the Edit the accelerator moved focus to (#34670708 ctrlId=1148), because its parent window is 'ComboBox' and that one's parent is 'ComboBoxEx32' - not an edit in a bare combo box, so the route Open proved; read back as 'C:\Users\alexl\encastra-journeys\20260923-073340-i3\run-input\evidence.txt' by WM_GETTEXT from the same window and as '' by the focused element's Value pattern  [iteration 3/3]
PASS  j5 chooser closed on confirm  -> dialogs left: 0  [iteration 3/3]
PASS  j5 the chosen file became the input for the run  -> 'C:\Users\alexl\encastra-journeys\20260923-073340-i3\run-input\evidence.txt' (expected the same file as 'C:\Users\alexl\encastra-journeys\20260923-073340-i3\run-input\evidence.txt')  [iteration 3/3]
PASS  j4/j5 Run is available with a folder allowed and a file chosen  -> enabled=True  [iteration 3/3]
note  j4/j5 the Run button : invoking type=Button automationId='' name='Ejecutar' enabled=True offscreen=False keyboardFocusable=True rect=(1978,205 87x36) hwnd=0 helpText='Ctrl+Enter' patterns=Invoke+ScrollItem  [iteration 3/3]
PASS  j4/j5 pressing Run actually started a run  -> the status bar and run panel went from '|0' to '|1'  [iteration 3/3]
PASS  j4 the granted folder was actually written into by the run  -> file='C:\Users\alexl\encastra-journeys\20260923-073340-i3\grant-to-component\evidence.txt' status='1 correcto'  [iteration 3/3]
note  j4/j5 the run ended after about 0s  [iteration 3/3]
PASS  neg the interface accepts a typed folder it never chose  -> 'C:\Users\alexl\encastra-journeys\20260923-073340-i3\projects-location'  [iteration 3/3]
PASS  neg the permission went back to asking when the folder changed  -> button reads 'Permitir esta carpeta' rather than Allowed  [iteration 3/3]
note  neg the Allow this folder button : invoking type=Button automationId='' name='Permitir esta carpeta' enabled=True offscreen=False keyboardFocusable=True rect=(1696,827 108x36) hwnd=0 helpText='' patterns=Invoke+ScrollItem  [iteration 3/3]
note  neg the Run button : invoking type=Button automationId='' name='Ejecutar' enabled=True offscreen=False keyboardFocusable=True rect=(1978,205 87x36) hwnd=0 helpText='Ctrl+Enter' patterns=Invoke+ScrollItem  [iteration 3/3]
PASS  neg a folder chosen for projects-location is refused as a grant  -> 'No se ejecutó nada. 1 de los permisos que concediste no se pudieron dar: save-2: elige esa carpeta con el botón Elegir antes de permitirla, para que lo permitido sea lo que señalaste.' / 'Todavía no se ha ejecutado nada. Pulsa Ejecutar arriba y cada paso aparecerá aquí, en el orden en que el motor los ejecuta, con su estado y cuánto tardó — o, si uno falla, qué salió mal y qué hacer al respecto.'  [iteration 3/3]
PASS  neg nothing was written into the folder that was not granted  -> files there: 0  [iteration 3/3]
PASS  j4/j5 after : no chooser on screen  -> open before=0 after=0  [iteration 3/3]
PASS  application still running at the end  -> exited=False responding=True
note  end of run : found the policy journal C:\ProgramData\encastra-journeys\policy-journal.json, written by pid 42300 at 09/23/2026 07:29:50 for '--remote-debugging-port=9222'; putting back exactly what it recorded
note  end of run : removed HKLM\Software\Policies\Microsoft\Edge\WebView2\AdditionalBrowserArguments\encastra-desktop.exe, which the run created, so no debugging-port policy of its is left
note  end of run : removed HKLM\Software\Policies\Microsoft\Edge\WebView2\AdditionalBrowserArguments\encastra-desktop, which the run created, so no debugging-port policy of its is left
note  end of run : removed the empty key HKLM\Software\Policies\Microsoft\Edge\WebView2\AdditionalBrowserArguments, which the run created
note  end of run : removed the empty key HKLM\Software\Policies\Microsoft\Edge\WebView2, which the run created
note  end of run : removed the empty key HKLM\Software\Policies\Microsoft\Edge, which the run created
note  end of run : removed HKCU\Software\Policies\Microsoft\Edge\WebView2\AdditionalBrowserArguments\encastra-desktop.exe, which the run created, so no debugging-port policy of its is left
note  end of run : removed HKCU\Software\Policies\Microsoft\Edge\WebView2\AdditionalBrowserArguments\encastra-desktop, which the run created, so no debugging-port policy of its is left
note  end of run : removed the empty key HKCU\Software\Policies\Microsoft\Edge\WebView2\AdditionalBrowserArguments, which the run created
note  end of run : removed the empty key HKCU\Software\Policies\Microsoft\Edge\WebView2, which the run created
note  end of run : removed the empty key HKCU\Software\Policies\Microsoft\Edge, which the run created
note  end of run : everything the journal recorded is back as it was; deleted the journal C:\ProgramData\encastra-journeys\policy-journal.json
PASS  end of run : no WebView2 debugging-port policy naming this application is left that a harness run put there  -> HKLM and HKCU read: none at all
note  the sandboxes are left on the runner, which is thrown away with the job
SUMMARY  passed=349 failed=0 skipped=0  repeat=3  stamp=639163a809eb8af685b892b6c4c79f3b6d9f91dc  sandbox=C:\Users\alexl\encastra-journeys\20260923-073340-i3
